// Jest Snapshot v1, https://goo.gl/fbAQLP

exports[`CreateCustomTransactionForm matches the snapshot 1`] = `
<div
  class="css-wc19cd"
>
  <div
    class="css-1e5tckv"
  >
    <button
      class="css-jkq7r1"
      disabled=""
      type="submit"
    >
      -
    </button>
    <div>
      <input
        class="css-1f8yohd"
        placeholder="CUSTOM AMOUNT"
        type="text"
        value="CUSTOM AMOUNT"
      />
    </div>
    <button
      class="css-16z8f29"
      disabled=""
      type="submit"
    >
      +
    </button>
  </div>
</div>
`;
